Archive member included to satisfy reference by file (symbol)

c:/program files (x86)/atollic/truestudio for stm32 9.3.0/armtools/bin/../lib/gcc/arm-atollic-eabi/6.3.1/../../../../arm-atollic-eabi/lib/armv7-m\libc_nano.a(lib_a-errno.o)
                              Src\syscalls.o (__errno)
c:/program files (x86)/atollic/truestudio for stm32 9.3.0/armtools/bin/../lib/gcc/arm-atollic-eabi/6.3.1/../../../../arm-atollic-eabi/lib/armv7-m\libc_nano.a(lib_a-impure.o)
                              c:/program files (x86)/atollic/truestudio for stm32 9.3.0/armtools/bin/../lib/gcc/arm-atollic-eabi/6.3.1/../../../../arm-atollic-eabi/lib/armv7-m\libc_nano.a(lib_a-errno.o) (_impure_ptr)
c:/program files (x86)/atollic/truestudio for stm32 9.3.0/armtools/bin/../lib/gcc/arm-atollic-eabi/6.3.1/../../../../arm-atollic-eabi/lib/armv7-m\libc_nano.a(lib_a-init.o)
                              startup\startup_stm32f103xb.o (__libc_init_array)
c:/program files (x86)/atollic/truestudio for stm32 9.3.0/armtools/bin/../lib/gcc/arm-atollic-eabi/6.3.1/../../../../arm-atollic-eabi/lib/armv7-m\libc_nano.a(lib_a-memset.o)
                              Drivers\STM32F1xx_HAL_Driver\Src\stm32f1xx_hal_rcc.o (memset)
c:/program files (x86)/atollic/truestudio for stm32 9.3.0/armtools/bin/../lib/gcc/arm-atollic-eabi/6.3.1/../../../../arm-atollic-eabi/lib/armv7-m\libc_nano.a(lib_a-strlen.o)
                              Src\main.o (strlen)
c:/program files (x86)/atollic/truestudio for stm32 9.3.0/armtools/bin/../lib/gcc/arm-atollic-eabi/6.3.1/../../../../arm-atollic-eabi/lib/armv7-m\libc_nano.a(lib_a-vsprintf.o)
                              Src\main.o (vsprintf)
c:/program files (x86)/atollic/truestudio for stm32 9.3.0/armtools/bin/../lib/gcc/arm-atollic-eabi/6.3.1/../../../../arm-atollic-eabi/lib/armv7-m\libc_nano.a(lib_a-nano-svfprintf.o)
                              c:/program files (x86)/atollic/truestudio for stm32 9.3.0/armtools/bin/../lib/gcc/arm-atollic-eabi/6.3.1/../../../../arm-atollic-eabi/lib/armv7-m\libc_nano.a(lib_a-vsprintf.o) (_svfprintf_r)
c:/program files (x86)/atollic/truestudio for stm32 9.3.0/armtools/bin/../lib/gcc/arm-atollic-eabi/6.3.1/../../../../arm-atollic-eabi/lib/armv7-m\libc_nano.a(lib_a-nano-vfprintf_i.o)
                              c:/program files (x86)/atollic/truestudio for stm32 9.3.0/armtools/bin/../lib/gcc/arm-atollic-eabi/6.3.1/../../../../arm-atollic-eabi/lib/armv7-m\libc_nano.a(lib_a-nano-svfprintf.o) (_printf_i)
c:/program files (x86)/atollic/truestudio for stm32 9.3.0/armtools/bin/../lib/gcc/arm-atollic-eabi/6.3.1/../../../../arm-atollic-eabi/lib/armv7-m\libc_nano.a(lib_a-memchr-stub.o)
                              c:/program files (x86)/atollic/truestudio for stm32 9.3.0/armtools/bin/../lib/gcc/arm-atollic-eabi/6.3.1/../../../../arm-atollic-eabi/lib/armv7-m\libc_nano.a(lib_a-nano-svfprintf.o) (memchr)
c:/program files (x86)/atollic/truestudio for stm32 9.3.0/armtools/bin/../lib/gcc/arm-atollic-eabi/6.3.1/../../../../arm-atollic-eabi/lib/armv7-m\libc_nano.a(lib_a-memcpy-stub.o)
                              c:/program files (x86)/atollic/truestudio for stm32 9.3.0/armtools/bin/../lib/gcc/arm-atollic-eabi/6.3.1/../../../../arm-atollic-eabi/lib/armv7-m\libc_nano.a(lib_a-nano-svfprintf.o) (memcpy)
c:/program files (x86)/atollic/truestudio for stm32 9.3.0/armtools/bin/../lib/gcc/arm-atollic-eabi/6.3.1/../../../../arm-atollic-eabi/lib/armv7-m\libc_nano.a(lib_a-memmove.o)
                              c:/program files (x86)/atollic/truestudio for stm32 9.3.0/armtools/bin/../lib/gcc/arm-atollic-eabi/6.3.1/../../../../arm-atollic-eabi/lib/armv7-m\libc_nano.a(lib_a-nano-svfprintf.o) (memmove)
c:/program files (x86)/atollic/truestudio for stm32 9.3.0/armtools/bin/../lib/gcc/arm-atollic-eabi/6.3.1/../../../../arm-atollic-eabi/lib/armv7-m\libc_nano.a(lib_a-nano-freer.o)
                              c:/program files (x86)/atollic/truestudio for stm32 9.3.0/armtools/bin/../lib/gcc/arm-atollic-eabi/6.3.1/../../../../arm-atollic-eabi/lib/armv7-m\libc_nano.a(lib_a-nano-svfprintf.o) (_free_r)
c:/program files (x86)/atollic/truestudio for stm32 9.3.0/armtools/bin/../lib/gcc/arm-atollic-eabi/6.3.1/../../../../arm-atollic-eabi/lib/armv7-m\libc_nano.a(lib_a-nano-mallocr.o)
                              c:/program files (x86)/atollic/truestudio for stm32 9.3.0/armtools/bin/../lib/gcc/arm-atollic-eabi/6.3.1/../../../../arm-atollic-eabi/lib/armv7-m\libc_nano.a(lib_a-nano-svfprintf.o) (_malloc_r)
c:/program files (x86)/atollic/truestudio for stm32 9.3.0/armtools/bin/../lib/gcc/arm-atollic-eabi/6.3.1/../../../../arm-atollic-eabi/lib/armv7-m\libc_nano.a(lib_a-nano-reallocr.o)
                              c:/program files (x86)/atollic/truestudio for stm32 9.3.0/armtools/bin/../lib/gcc/arm-atollic-eabi/6.3.1/../../../../arm-atollic-eabi/lib/armv7-m\libc_nano.a(lib_a-nano-svfprintf.o) (_realloc_r)
[...]
Memory Configuration

Name             Origin             Length             Attributes
RAM              0x20000000         0x00005000         xrw
FLASH            0x08000000         0x00010000         xr
*default*        0x00000000         0xffffffff

Linker script and memory map

LOAD c:/program files (x86)/atollic/truestudio for stm32 9.3.0/armtools/bin/../lib/gcc/arm-atollic-eabi/6.3.1/armv7-m/crti.o
LOAD c:/program files (x86)/atollic/truestudio for stm32 9.3.0/armtools/bin/../lib/gcc/arm-atollic-eabi/6.3.1/armv7-m/crtbegin.o
LOAD Drivers\STM32F1xx_HAL_Driver\Src\stm32f1xx_hal.o
LOAD Drivers\STM32F1xx_HAL_Driver\Src\stm32f1xx_hal_cortex.o
LOAD Drivers\STM32F1xx_HAL_Driver\Src\stm32f1xx_hal_crc.o
LOAD Drivers\STM32F1xx_HAL_Driver\Src\stm32f1xx_hal_dma.o
LOAD Drivers\STM32F1xx_HAL_Driver\Src\stm32f1xx_hal_exti.o
LOAD Drivers\STM32F1xx_HAL_Driver\Src\stm32f1xx_hal_flash.o
LOAD Drivers\STM32F1xx_HAL_Driver\Src\stm32f1xx_hal_flash_ex.o
LOAD Drivers\STM32F1xx_HAL_Driver\Src\stm32f1xx_hal_gpio.o
LOAD Drivers\STM32F1xx_HAL_Driver\Src\stm32f1xx_hal_gpio_ex.o
LOAD Drivers\STM32F1xx_HAL_Driver\Src\stm32f1xx_hal_pwr.o
LOAD Drivers\STM32F1xx_HAL_Driver\Src\stm32f1xx_hal_rcc.o
LOAD Drivers\STM32F1xx_HAL_Driver\Src\stm32f1xx_hal_rcc_ex.o
LOAD Drivers\STM32F1xx_HAL_Driver\Src\stm32f1xx_hal_tim.o
LOAD Drivers\STM32F1xx_HAL_Driver\Src\stm32f1xx_hal_tim_ex.o
LOAD Drivers\STM32F1xx_HAL_Driver\Src\stm32f1xx_hal_uart.o
LOAD Src\Bootloader.o
LOAD Src\main.o
LOAD Src\stm32f1xx_hal_msp.o
LOAD Src\stm32f1xx_it.o
LOAD Src\syscalls.o
LOAD Src\system_stm32f1xx.o
LOAD startup\startup_stm32f103xb.o
                0x00000080                malloc_getpagesize_P = 0x80
START GROUP
LOAD c:/program files (x86)/atollic/truestudio for stm32 9.3.0/armtools/bin/../lib/gcc/arm-atollic-eabi/6.3.1/../../../../arm-atollic-eabi/lib/armv7-m\libc_nano.a
LOAD c:/program files (x86)/atollic/truestudio for stm32 9.3.0/armtools/bin/../lib/gcc/arm-atollic-eabi/6.3.1/../../../../arm-atollic-eabi/lib/armv7-m\libm.a
END GROUP
START GROUP
LOAD c:/program files (x86)/atollic/truestudio for stm32 9.3.0/armtools/bin/../lib/gcc/arm-atollic-eabi/6.3.1/armv7-m\libgcc.a
LOAD c:/program files (x86)/atollic/truestudio for stm32 9.3.0/armtools/bin/../lib/gcc/arm-atollic-eabi/6.3.1/../../../../arm-atollic-eabi/lib/armv7-m\libc_nano.a
END GROUP
START GROUP
LOAD c:/program files (x86)/atollic/truestudio for stm32 9.3.0/armtools/bin/../lib/gcc/arm-atollic-eabi/6.3.1/armv7-m\libgcc.a
LOAD c:/program files (x86)/atollic/truestudio for stm32 9.3.0/armtools/bin/../lib/gcc/arm-atollic-eabi/6.3.1/../../../../arm-atollic-eabi/lib/armv7-m\libc_nano.a
LOAD c:/program files (x86)/atollic/truestudio for stm32 9.3.0/armtools/bin/../lib/gcc/arm-atollic-eabi/6.3.1/../../../../arm-atollic-eabi/lib/armv7-m\libnosys.a
END GROUP
START GROUP
LOAD c:/program files (x86)/atollic/truestudio for stm32 9.3.0/armtools/bin/../lib/gcc/arm-atollic-eabi/6.3.1/armv7-m\libgcc.a
LOAD c:/program files (x86)/atollic/truestudio for stm32 9.3.0/armtools/bin/../lib/gcc/arm-atollic-eabi/6.3.1/../../../../arm-atollic-eabi/lib/armv7-m\libc_nano.a
LOAD c:/program files (x86)/atollic/truestudio for stm32 9.3.0/armtools/bin/../lib/gcc/arm-atollic-eabi/6.3.1/../../../../arm-atollic-eabi/lib/armv7-m\libnosys.a
END GROUP
LOAD c:/program files (x86)/atollic/truestudio for stm32 9.3.0/armtools/bin/../lib/gcc/arm-atollic-eabi/6.3.1/armv7-m/crtend.o
LOAD c:/program files (x86)/atollic/truestudio for stm32 9.3.0/armtools/bin/../lib/gcc/arm-atollic-eabi/6.3.1/armv7-m/crtn.o
                0x20005000                _estack = 0x20005000
                0x00000200                _Min_Heap_Size = 0x200
                0x00000400                _Min_Stack_Size = 0x400

.isr_vector     0x08000000      0x10c
                0x08000000                . = ALIGN (0x4)
 *(.isr_vector)
 .isr_vector    0x08000000      0x10c startup\startup_stm32f103xb.o
                0x08000000                g_pfnVectors
                0x0800010c                . = ALIGN (0x4)

.text           0x0800010c     0x1ec8
                0x0800010c                . = ALIGN (0x4)
 *(.text)
 .text          0x0800010c       0x40 c:/program files (x86)/atollic/truestudio for stm32 9.3.0/armtools/bin/../lib/gcc/arm-atollic-eabi/6.3.1/armv7-m/crtbegin.o
 .text          0x0800014c       0x10 c:/program files (x86)/atollic/truestudio for stm32 9.3.0/armtools/bin/../lib/gcc/arm-atollic-eabi/6.3.1/../../../../arm-atollic-eabi/lib/armv7-m\libc_nano.a(lib_a-strlen.o)
                0x0800014c                strlen
 .text          0x0800015c       0x18 c:/program files (x86)/atollic/truestudio for stm32 9.3.0/armtools/bin/../lib/gcc/arm-atollic-eabi/6.3.1/armv7-m\libgcc.a(_lshrdi3.o)
                0x0800015c                __lshrdi3
                0x0800015c                __aeabi_llsr
 *(.text*)
 .text.HAL_InitTick
                0x08000174       0x48 Drivers\STM32F1xx_HAL_Driver\Src\stm32f1xx_hal.o
                0x08000174                HAL_InitTick
 .text.HAL_Init
                0x080001bc       0x24 Drivers\STM32F1xx_HAL_Driver\Src\stm32f1xx_hal.o
                0x080001bc                HAL_Init
 .text.HAL_IncTick
                0x080001e0       0x18 Drivers\STM32F1xx_HAL_Driver\Src\stm32f1xx_hal.o
                0x080001e0                HAL_IncTick
 .text.HAL_GetTick
                0x080001f8        0xc Drivers\STM32F1xx_HAL_Driver\Src\stm32f1xx_hal.o
                0x080001f8                HAL_GetTick
 .text.HAL_NVIC_SetPriorityGrouping
                0x08000204       0x24 Drivers\STM32F1xx_HAL_Driver\Src\stm32f1xx_hal_cortex.o
                0x08000204                HAL_NVIC_SetPriorityGrouping
 .text.HAL_NVIC_SetPriority
                0x08000228       0x68 Drivers\STM32F1xx_HAL_Driver\Src\stm32f1xx_hal_cortex.o
                0x08000228                HAL_NVIC_SetPriority
 .text.HAL_SYSTICK_Config
                0x08000290       0x2c Drivers\STM32F1xx_HAL_Driver\Src\stm32f1xx_hal_cortex.o
                0x08000290                HAL_SYSTICK_Config
 .text.HAL_CRC_Init
                0x080002bc       0x20 Drivers\STM32F1xx_HAL_Driver\Src\stm32f1xx_hal_crc.o
                0x080002bc                HAL_CRC_Init
 .text.HAL_CRC_Accumulate
                0x080002dc       0x22 Drivers\STM32F1xx_HAL_Driver\Src\stm32f1xx_hal_crc.o
                0x080002dc                HAL_CRC_Accumulate
 *fill*         0x080002fe        0x2 
 .text.FLASH_SetErrorCode
                0x08000300       0x50 Drivers\STM32F1xx_HAL_Driver\Src\stm32f1xx_hal_flash.o
 .text.HAL_FLASH_Unlock
                0x08000350       0x24 Drivers\STM32F1xx_HAL_Driver\Src\stm32f1xx_hal_flash.o
                0x08000350                HAL_FLASH_Unlock
 .text.HAL_FLASH_Lock
                0x08000374       0x14 Drivers\STM32F1xx_HAL_Driver\Src\stm32f1xx_hal_flash.o
                0x08000374                HAL_FLASH_Lock
 .text.FLASH_WaitForLastOperation
                0x08000388       0x54 Drivers\STM32F1xx_HAL_Driver\Src\stm32f1xx_hal_flash.o
                0x08000388                FLASH_WaitForLastOperation
 .text.HAL_FLASH_Program
                0x080003dc       0x8c Drivers\STM32F1xx_HAL_Driver\Src\stm32f1xx_hal_flash.o
                0x080003dc                HAL_FLASH_Program
 .text.FLASH_MassErase.isra.0
                0x08000468       0x24 Drivers\STM32F1xx_HAL_Driver\Src\stm32f1xx_hal_flash_ex.o
 .text.FLASH_PageErase
                0x0800048c       0x24 Drivers\STM32F1xx_HAL_Driver\Src\stm32f1xx_hal_flash_ex.o
                0x0800048c                FLASH_PageErase
 .text.HAL_FLASHEx_Erase
                0x080004b0       0x9c Drivers\STM32F1xx_HAL_Driver\Src\stm32f1xx_hal_flash_ex.o
                0x080004b0                HAL_FLASHEx_Erase
 .text.HAL_GPIO_Init
                0x0800054c      0x1c4 Drivers\STM32F1xx_HAL_Driver\Src\stm32f1xx_hal_gpio.o
                0x0800054c                HAL_GPIO_Init
 .text.HAL_GPIO_ReadPin
                0x08000710        0xc Drivers\STM32F1xx_HAL_Driver\Src\stm32f1xx_hal_gpio.o
                0x08000710                HAL_GPIO_ReadPin
 .text.HAL_GPIO_WritePin
                0x0800071c        0xa Drivers\STM32F1xx_HAL_Driver\Src\stm32f1xx_hal_gpio.o
                0x0800071c                HAL_GPIO_WritePin
 .text.HAL_GPIO_TogglePin
                0x08000726        0xc Drivers\STM32F1xx_HAL_Driver\Src\stm32f1xx_hal_gpio.o
                0x08000726                HAL_GPIO_TogglePin
 *fill*         0x08000732        0x2 
 .text.HAL_RCC_OscConfig
                0x08000734      0x33c Drivers\STM32F1xx_HAL_Driver\Src\stm32f1xx_hal_rcc.o
                0x08000734                HAL_RCC_OscConfig
 .text.HAL_RCC_GetSysClockFreq
                0x08000a70       0x78 Drivers\STM32F1xx_HAL_Driver\Src\stm32f1xx_hal_rcc.o
                0x08000a70                HAL_RCC_GetSysClockFreq
 .text.HAL_RCC_ClockConfig
                0x08000ae8      0x13c Drivers\STM32F1xx_HAL_Driver\Src\stm32f1xx_hal_rcc.o
                0x08000ae8                HAL_RCC_ClockConfig
 .text.HAL_RCC_GetPCLK1Freq
                0x08000c24       0x20 Drivers\STM32F1xx_HAL_Driver\Src\stm32f1xx_hal_rcc.o
                0x08000c24                HAL_RCC_GetPCLK1Freq
 .text.HAL_RCC_GetPCLK2Freq
                0x08000c44       0x20 Drivers\STM32F1xx_HAL_Driver\Src\stm32f1xx_hal_rcc.o
                0x08000c44                HAL_RCC_GetPCLK2Freq
 .text.UART_SetConfig
                0x08000c64       0x74 Drivers\STM32F1xx_HAL_Driver\Src\stm32f1xx_hal_uart.o
 .text.UART_WaitOnFlagUntilTimeout.constprop.3
                0x08000cd8       0x50 Drivers\STM32F1xx_HAL_Driver\Src\stm32f1xx_hal_uart.o
 .text.HAL_UART_Init
                0x08000d28       0x5c Drivers\STM32F1xx_HAL_Driver\Src\stm32f1xx_hal_uart.o
                0x08000d28                HAL_UART_Init
 .text.HAL_UART_Transmit
                0x08000d84       0xb8 Drivers\STM32F1xx_HAL_Driver\Src\stm32f1xx_hal_uart.o
                0x08000d84                HAL_UART_Transmit
 .text.HAL_UART_Receive
                0x08000e3c       0xbe Drivers\STM32F1xx_HAL_Driver\Src\stm32f1xx_hal_uart.o
                0x08000e3c                HAL_UART_Receive
 *fill*         0x08000efa        0x2 
 .text.BootLoader_Jump_to_User_APP
                0x08000efc       0x40 Src\Bootloader.o
                0x08000efc                BootLoader_Jump_to_User_APP
 .text.BootLoader_Send_ACK
                0x08000f3c       0x24 Src\Bootloader.o
                0x08000f3c                BootLoader_Send_ACK
 .text.BootLoader_Send_NACK
                0x08000f60       0x20 Src\Bootloader.o
                0x08000f60                BootLoader_Send_NACK
 .text.BootLoader_Verify_CRC
                0x08000f80       0x30 Src\Bootloader.o
                0x08000f80                BootLoader_Verify_CRC
 .text.BootLoader_UART_Write_Data
                0x08000fb0       0x14 Src\Bootloader.o
                0x08000fb0                BootLoader_UART_Write_Data
 .text.BL_verify_address
                0x08000fc4       0x1e Src\Bootloader.o
                0x08000fc4                BL_verify_address
 *fill*         0x08000fe2        0x2 
 .text.BL_Execute_Flash_Erase
                0x08000fe4       0x44 Src\Bootloader.o
                0x08000fe4                BL_Execute_Flash_Erase
 .text.execute_Mem_Write
                0x08001028       0x3c Src\Bootloader.o
                0x08001028                execute_Mem_Write
 .text.BL_hanlde_getVersion_cmd
                0x08001064       0x60 Src\Bootloader.o
                0x08001064                BL_hanlde_getVersion_cmd
 .text.BL_hanlde_getHelp_cmd
                0x080010c4       0x54 Src\Bootloader.o
                0x080010c4                BL_hanlde_getHelp_cmd
 .text.BL_hanlde_getCID_cmd
                0x08001118       0x70 Src\Bootloader.o
                0x08001118                BL_hanlde_getCID_cmd
 .text.BL_hanlde_goAddress_cmd
                0x08001188       0x88 Src\Bootloader.o
                0x08001188                BL_hanlde_goAddress_cmd
 .text.BL_hanlde_flashErase_cmd
                0x08001210       0x6c Src\Bootloader.o
                0x08001210                BL_hanlde_flashErase_cmd
 .text.BL_hanlde_memWrite_cmd
                0x0800127c       0x9c Src\Bootloader.o
                0x0800127c                BL_hanlde_memWrite_cmd
 .text.BootLoader_UART_Read_Host_CMD
                0x08001318       0xa8 Src\Bootloader.o
                0x08001318                BootLoader_UART_Read_Host_CMD
 .text.SystemClock_Config
                0x080013c0       0x50 Src\main.o
                0x080013c0                SystemClock_Config
 .text.printmsg
                0x08001410       0x38 Src\main.o
                0x08001410                printmsg
 .text.startup.main
                0x08001448       0xf8 Src\main.o
                0x08001448                main
 .text.HAL_MspInit
                0x08001540       0x44 Src\stm32f1xx_hal_msp.o
                0x08001540                HAL_MspInit
 .text.HAL_CRC_MspInit
                0x08001584       0x28 Src\stm32f1xx_hal_msp.o
                0x08001584                HAL_CRC_MspInit
 .text.HAL_UART_MspInit
                0x080015ac       0x78 Src\stm32f1xx_hal_msp.o
                0x080015ac                HAL_UART_MspInit
 .text.NMI_Handler
                0x08001624        0x2 Src\stm32f1xx_it.o
                0x08001624                NMI_Handler
 .text.HardFault_Handler
                0x08001626        0x2 Src\stm32f1xx_it.o
                0x08001626                HardFault_Handler
 .text.MemManage_Handler
                0x08001628        0x2 Src\stm32f1xx_it.o
                0x08001628                MemManage_Handler
 .text.BusFault_Handler
                0x0800162a        0x2 Src\stm32f1xx_it.o
                0x0800162a                BusFault_Handler
 .text.UsageFault_Handler
                0x0800162c        0x2 Src\stm32f1xx_it.o
                0x0800162c                UsageFault_Handler
 .text.SVC_Handler
                0x0800162e        0x2 Src\stm32f1xx_it.o
                0x0800162e                SVC_Handler
 .text.DebugMon_Handler
                0x08001630        0x2 Src\stm32f1xx_it.o
                0x08001630                DebugMon_Handler
 .text.PendSV_Handler
                0x08001632        0x2 Src\stm32f1xx_it.o
                0x08001632                PendSV_Handler
 .text.SysTick_Handler
                0x08001634        0x4 Src\stm32f1xx_it.o
                0x08001634                SysTick_Handler
 .text._sbrk    0x08001638       0x34 Src\syscalls.o
                0x08001638                _sbrk
 .text.SystemInit
                0x0800166c       0x4c Src\system_stm32f1xx.o
                0x0800166c                SystemInit
 .text.Reset_Handler
                0x080016b8       0x48 startup\startup_stm32f103xb.o
                0x080016b8                Reset_Handler
 .text.Default_Handler
                0x08001700        0x2 startup\startup_stm32f103xb.o
                0x08001700                RTC_Alarm_IRQHandler
                0x08001700                EXTI2_IRQHandler
                0x08001700                TIM1_CC_IRQHandler
                0x08001700                PVD_IRQHandler
                0x08001700                EXTI3_IRQHandler
                0x08001700                EXTI0_IRQHandler
                0x08001700                I2C2_EV_IRQHandler
                0x08001700                ADC1_2_IRQHandler
                0x08001700                SPI1_IRQHandler
                0x08001700                TAMPER_IRQHandler
                0x08001700                DMA1_Channel4_IRQHandler
                0x08001700                USART3_IRQHandler
                0x08001700                RTC_IRQHandler
                0x08001700                DMA1_Channel7_IRQHandler
                0x08001700                CAN1_RX1_IRQHandler
                0x08001700                TIM4_IRQHandler
                0x08001700                I2C1_EV_IRQHandler
                0x08001700                DMA1_Channel6_IRQHandler
                0x08001700                TIM3_IRQHandler
                0x08001700                RCC_IRQHandler
                0x08001700                TIM1_TRG_COM_IRQHandler
                0x08001700                DMA1_Channel1_IRQHandler
                0x08001700                Default_Handler
                0x08001700                EXTI15_10_IRQHandler
                0x08001700                EXTI9_5_IRQHandler
                0x08001700                SPI2_IRQHandler
                0x08001700                DMA1_Channel5_IRQHandler
                0x08001700                EXTI4_IRQHandler
                0x08001700                USB_LP_CAN1_RX0_IRQHandler
                0x08001700                USB_HP_CAN1_TX_IRQHandler
                0x08001700                DMA1_Channel3_IRQHandler
                0x08001700                TIM1_UP_IRQHandler
                0x08001700                WWDG_IRQHandler
                0x08001700                TIM2_IRQHandler
                0x08001700                TIM1_BRK_IRQHandler
                0x08001700                EXTI1_IRQHandler
                0x08001700                USART2_IRQHandler
                0x08001700                I2C2_ER_IRQHandler
                0x08001700                DMA1_Channel2_IRQHandler
                0x08001700                CAN1_SCE_IRQHandler
                0x08001700                FLASH_IRQHandler
                0x08001700                USART1_IRQHandler
                0x08001700                I2C1_ER_IRQHandler
                0x08001700                USBWakeUp_IRQHandler
 *fill*         0x08001702        0x2 
 .text.__errno  0x08001704        0xc c:/program files (x86)/atollic/truestudio for stm32 9.3.0/armtools/bin/../lib/gcc/arm-atollic-eabi/6.3.1/../../../../arm-atollic-eabi/lib/armv7-m\libc_nano.a(lib_a-errno.o)
                0x08001704                __errno
 .text.__libc_init_array
                0x08001710       0x48 c:/program files (x86)/atollic/truestudio for stm32 9.3.0/armtools/bin/../lib/gcc/arm-atollic-eabi/6.3.1/../../../../arm-atollic-eabi/lib/armv7-m\libc_nano.a(lib_a-init.o)
                0x08001710                __libc_init_array
 .text.memset   0x08001758       0x10 c:/program files (x86)/atollic/truestudio for stm32 9.3.0/armtools/bin/../lib/gcc/arm-atollic-eabi/6.3.1/../../../../arm-atollic-eabi/lib/armv7-m\libc_nano.a(lib_a-memset.o)
                0x08001758                memset
 .text._vsprintf_r
                0x08001768       0x30 c:/program files (x86)/atollic/truestudio for stm32 9.3.0/armtools/bin/../lib/gcc/arm-atollic-eabi/6.3.1/../../../../arm-atollic-eabi/lib/armv7-m\libc_nano.a(lib_a-vsprintf.o)
                0x08001768                _vsprintf_r
                0x08001768                _vsiprintf_r
 .text.vsprintf
                0x08001798       0x14 c:/program files (x86)/atollic/truestudio for stm32 9.3.0/armtools/bin/../lib/gcc/arm-atollic-eabi/6.3.1/../../../../arm-atollic-eabi/lib/armv7-m\libc_nano.a(lib_a-vsprintf.o)
                0x08001798                vsiprintf
                0x08001798                vsprintf
 .text.__ssputs_r
                0x080017ac       0xb6 c:/program files (x86)/atollic/truestudio for stm32 9.3.0/armtools/bin/../lib/gcc/arm-atollic-eabi/6.3.1/../../../../arm-atollic-eabi/lib/armv7-m\libc_nano.a(lib_a-nano-svfprintf.o)
                0x080017ac                __ssputs_r
 *fill*         0x08001862        0x2 
 .text._svfprintf_r
                0x08001864      0x1e8 c:/program files (x86)/atollic/truestudio for stm32 9.3.0/armtools/bin/../lib/gcc/arm-atollic-eabi/6.3.1/../../../../arm-atollic-eabi/lib/armv7-m\libc_nano.a(lib_a-nano-svfprintf.o)
                0x08001864                _svfiprintf_r
                0x08001864                _svfprintf_r
 .text._printf_common
                0x08001a4c       0xee c:/program files (x86)/atollic/truestudio for stm32 9.3.0/armtools/bin/../lib/gcc/arm-atollic-eabi/6.3.1/../../../../arm-atollic-eabi/lib/armv7-m\libc_nano.a(lib_a-nano-vfprintf_i.o)
                0x08001a4c                _printf_common
 *fill*         0x08001b3a        0x2 
 .text._printf_i
                0x08001b3c      0x240 c:/program files (x86)/atollic/truestudio for stm32 9.3.0/armtools/bin/../lib/gcc/arm-atollic-eabi/6.3.1/../../../../arm-atollic-eabi/lib/armv7-m\libc_nano.a(lib_a-nano-vfprintf_i.o)
                0x08001b3c                _printf_i
 .text.memchr   0x08001d7c       0x1c c:/program files (x86)/atollic/truestudio for stm32 9.3.0/armtools/bin/../lib/gcc/arm-atollic-eabi/6.3.1/../../../../arm-atollic-eabi/lib/armv7-m\libc_nano.a(lib_a-memchr-stub.o)
                0x08001d7c                memchr
 .text.memcpy   0x08001d98       0x16 c:/program files (x86)/atollic/truestudio for stm32 9.3.0/armtools/bin/../lib/gcc/arm-atollic-eabi/6.3.1/../../../../arm-atollic-eabi/lib/armv7-m\libc_nano.a(lib_a-memcpy-stub.o)
                0x08001d98                memcpy
 .text.memmove  0x08001dae       0x34 c:/program files (x86)/atollic/truestudio for stm32 9.3.0/armtools/bin/../lib/gcc/arm-atollic-eabi/6.3.1/../../../../arm-atollic-eabi/lib/armv7-m\libc_nano.a(lib_a-memmove.o)
                0x08001dae                memmove
 *fill*         0x08001de2        0x2 
 .text._free_r  0x08001de4       0x98 c:/program files (x86)/atollic/truestudio for stm32 9.3.0/armtools/bin/../lib/gcc/arm-atollic-eabi/6.3.1/../../../../arm-atollic-eabi/lib/armv7-m\libc_nano.a(lib_a-nano-freer.o)
                0x08001de4                _free_r
 .text._malloc_r
                0x08001e7c       0xbc c:/program files (x86)/atollic/truestudio for stm32 9.3.0/armtools/bin/../lib/gcc/arm-atollic-eabi/6.3.1/../../../../arm-atollic-eabi/lib/armv7-m\libc_nano.a(lib_a-nano-mallocr.o)
                0x08001e7c                _malloc_r
 .text._realloc_r
                0x08001f38       0x4c c:/program files (x86)/atollic/truestudio for stm32 9.3.0/armtools/bin/../lib/gcc/arm-atollic-eabi/6.3.1/../../../../arm-atollic-eabi/lib/armv7-m\libc_nano.a(lib_a-nano-reallocr.o)
                0x08001f38                _realloc_r
 .text._sbrk_r  0x08001f84       0x20 c:/program files (x86)/atollic/truestudio for stm32 9.3.0/armtools/bin/../lib/gcc/arm-atollic-eabi/6.3.1/../../../../arm-atollic-eabi/lib/armv7-m\libc_nano.a(lib_a-sbrkr.o)
                0x08001f84                _sbrk_r
 .text.__malloc_lock
                0x08001fa4        0x2 c:/program files (x86)/atollic/truestudio for stm32 9.3.0/armtools/bin/../lib/gcc/arm-atollic-eabi/6.3.1/../../../../arm-atollic-eabi/lib/armv7-m\libc_nano.a(lib_a-mlock.o)
                0x08001fa4                __malloc_lock
 .text.__malloc_unlock
                0x08001fa6        0x2 c:/program files (x86)/atollic/truestudio for stm32 9.3.0/armtools/bin/../lib/gcc/arm-atollic-eabi/6.3.1/../../../../arm-atollic-eabi/lib/armv7-m\libc_nano.a(lib_a-mlock.o)
                0x08001fa6                __malloc_unlock
 .text._malloc_usable_size_r
                0x08001fa8       0x12 c:/program files (x86)/atollic/truestudio for stm32 9.3.0/armtools/bin/../lib/gcc/arm-atollic-eabi/6.3.1/../../../../arm-atollic-eabi/lib/armv7-m\libc_nano.a(lib_a-nano-msizer.o)
                0x08001fa8                _malloc_usable_size_r
 *(.glue_7)
 .glue_7        0x08001fba        0x0 linker stubs
 *(.glue_7t)
 .glue_7t       0x08001fba        0x0 linker stubs
 *(.eh_frame)
 *fill*         0x08001fba        0x2 
 .eh_frame      0x08001fbc        0x0 c:/program files (x86)/atollic/truestudio for stm32 9.3.0/armtools/bin/../lib/gcc/arm-atollic-eabi/6.3.1/armv7-m/crtbegin.o
 *(.init)
 .init          0x08001fbc        0x4 c:/program files (x86)/atollic/truestudio for stm32 9.3.0/armtools/bin/../lib/gcc/arm-atollic-eabi/6.3.1/armv7-m/crti.o
                0x08001fbc                _init
 .init          0x08001fc0        0x8 c:/program files (x86)/atollic/truestudio for stm32 9.3.0/armtools/bin/../lib/gcc/arm-atollic-eabi/6.3.1/armv7-m/crtn.o
 *(.fini)
 .fini          0x08001fc8        0x4 c:/program files (x86)/atollic/truestudio for stm32 9.3.0/armtools/bin/../lib/gcc/arm-atollic-eabi/6.3.1/armv7-m/crti.o
                0x08001fc8                _fini
 .fini          0x08001fcc        0x8 c:/program files (x86)/atollic/truestudio for stm32 9.3.0/armtools/bin/../lib/gcc/arm-atollic-eabi/6.3.1/armv7-m/crtn.o
                0x08001fd4                . = ALIGN (0x4)
                0x08001fd4                _etext = .

.vfp11_veneer   0x08001fd4        0x0
 .vfp11_veneer  0x08001fd4        0x0 linker stubs

.v4_bx          0x08001fd4        0x0
 .v4_bx         0x08001fd4        0x0 linker stubs

.iplt           0x08001fd4        0x0
 .iplt          0x08001fd4        0x0 c:/program files (x86)/atollic/truestudio for stm32 9.3.0/armtools/bin/../lib/gcc/arm-atollic-eabi/6.3.1/armv7-m/crtbegin.o

.rodata         0x08001fd4      0x484
                0x08001fd4                . = ALIGN (0x4)
 *(.rodata)
 .rodata        0x08001fd4       0x10 Drivers\STM32F1xx_HAL_Driver\Src\stm32f1xx_hal_rcc.o
 *(.rodata*)
 .rodata.BL_hanlde_flashErase_cmd.str1.1
                0x08001fe4       0x74 Src\Bootloader.o
 .rodata.BL_hanlde_getCID_cmd.str1.1
                0x08002058       0x47 Src\Bootloader.o
 .rodata.BL_hanlde_getHelp_cmd.str1.1
                0x0800209f       0x26 Src\Bootloader.o
 .rodata.BL_hanlde_getVersion_cmd.str1.1
                0x080020c5       0x91 Src\Bootloader.o
 .rodata.BL_hanlde_goAddress_cmd.str1.1
                0x08002156       0xc9 Src\Bootloader.o
 .rodata.BL_hanlde_memWrite_cmd.str1.1
                0x0800221f       0xb1 Src\Bootloader.o
 .rodata.BootLoader_Jump_to_User_APP.str1.1
                0x080022d0       0x86 Src\Bootloader.o
 .rodata.BootLoader_UART_Read_Host_CMD.str1.1
                0x08002356       0x3c Src\Bootloader.o
 .rodata.main.str1.1
                0x08002392       0x79 Src\main.o
 .rodata.AHBPrescTable
                0x0800240b       0x10 Src\system_stm32f1xx.o
                0x0800240b                AHBPrescTable
 .rodata.APBPrescTable
                0x0800241b        0x8 Src\system_stm32f1xx.o
                0x0800241b                APBPrescTable
 .rodata._svfprintf_r.str1.1
                0x08002423       0x11 c:/program files (x86)/atollic/truestudio for stm32 9.3.0/armtools/bin/../lib/gcc/arm-atollic-eabi/6.3.1/../../../../arm-atollic-eabi/lib/armv7-m\libc_nano.a(lib_a-nano-svfprintf.o)
 .rodata._printf_i.str1.1
                0x08002434       0x22 c:/program files (x86)/atollic/truestudio for stm32 9.3.0/armtools/bin/../lib/gcc/arm-atollic-eabi/6.3.1/../../../../arm-atollic-eabi/lib/armv7-m\libc_nano.a(lib_a-nano-vfprintf_i.o)
                0x08002458                . = ALIGN (0x4)
 *fill*         0x08002456        0x2 

.rel.dyn        0x08002458        0x0
 .rel.iplt      0x08002458        0x0 c:/program files (x86)/atollic/truestudio for stm32 9.3.0/armtools/bin/../lib/gcc/arm-atollic-eabi/6.3.1/armv7-m/crtbegin.o

.ARM.extab
 *(.ARM.extab* .gnu.linkonce.armextab.*)

.ARM            0x08002458        0x0
                0x08002458                __exidx_start = .
 *(.ARM.exidx*)
                0x08002458                __exidx_end = .

.preinit_array  0x08002458        0x0
                0x08002458                PROVIDE (__preinit_array_start, .)
 *(.preinit_array*)
                0x08002458                PROVIDE (__preinit_array_end, .)

.init_array     0x08002458        0x4
                0x08002458                PROVIDE (__init_array_start, .)
 *(SORT(.init_array.*))
 *(.init_array*)
 .init_array    0x08002458        0x4 c:/program files (x86)/atollic/truestudio for stm32 9.3.0/armtools/bin/../lib/gcc/arm-atollic-eabi/6.3.1/armv7-m/crtbegin.o
                0x0800245c                PROVIDE (__init_array_end, .)

.fini_array     0x0800245c        0x4
                [!provide]                PROVIDE (__fini_array_start, .)
 *(SORT(.fini_array.*))
 *(.fini_array*)
 .fini_array    0x0800245c        0x4 c:/program files (x86)/atollic/truestudio for stm32 9.3.0/armtools/bin/../lib/gcc/arm-atollic-eabi/6.3.1/armv7-m/crtbegin.o
                [!provide]                PROVIDE (__fini_array_end, .)
                0x08002460                _sidata = LOADADDR (.data)

.data           0x20000000       0x78 load address 0x08002460
                0x20000000                . = ALIGN (0x4)
                0x20000000                _sdata = .
 *(.data)
 *(.data*)
 .data.uwTickFreq
                0x20000000        0x1 Drivers\STM32F1xx_HAL_Driver\Src\stm32f1xx_hal.o
                0x20000000                uwTickFreq
 *fill*         0x20000001        0x3 
 .data.uwTickPrio
                0x20000004        0x4 Drivers\STM32F1xx_HAL_Driver\Src\stm32f1xx_hal.o
                0x20000004                uwTickPrio
 .data.supported_commands
                0x20000008        0x8 Src\Bootloader.o
                0x20000008                supported_commands
 .data.SystemCoreClock
                0x20000010        0x4 Src\system_stm32f1xx.o
                0x20000010                SystemCoreClock
 .data._impure_ptr
                0x20000014        0x4 c:/program files (x86)/atollic/truestudio for stm32 9.3.0/armtools/bin/../lib/gcc/arm-atollic-eabi/6.3.1/../../../../arm-atollic-eabi/lib/armv7-m\libc_nano.a(lib_a-impure.o)
                0x20000014                _impure_ptr
 .data.impure_data
                0x20000018       0x60 c:/program files (x86)/atollic/truestudio for stm32 9.3.0/armtools/bin/../lib/gcc/arm-atollic-eabi/6.3.1/../../../../arm-atollic-eabi/lib/armv7-m\libc_nano.a(lib_a-impure.o)
                0x20000078                . = ALIGN (0x4)
                0x20000078                _edata = .

.igot.plt       0x20000078        0x0 load address 0x080024d8
 .igot.plt      0x20000078        0x0 c:/program files (x86)/atollic/truestudio for stm32 9.3.0/armtools/bin/../lib/gcc/arm-atollic-eabi/6.3.1/armv7-m/crtbegin.o
                0x20000078                . = ALIGN (0x4)

.bss            0x20000078      0x164 load address 0x080024d8
                0x20000078                _sbss = .
                0x20000078                __bss_start__ = _sbss
 *(.bss)
 .bss           0x20000078       0x1c c:/program files (x86)/atollic/truestudio for stm32 9.3.0/armtools/bin/../lib/gcc/arm-atollic-eabi/6.3.1/armv7-m/crtbegin.o
 *(.bss*)
 .bss.heap_end.5887
                0x20000094        0x4 Src\syscalls.o
 .bss.__malloc_free_list
                0x20000098        0x4 c:/program files (x86)/atollic/truestudio for stm32 9.3.0/armtools/bin/../lib/gcc/arm-atollic-eabi/6.3.1/../../../../arm-atollic-eabi/lib/armv7-m\libc_nano.a(lib_a-nano-mallocr.o)
                0x20000098                __malloc_free_list
 .bss.__malloc_sbrk_start
                0x2000009c        0x4 c:/program files (x86)/atollic/truestudio for stm32 9.3.0/armtools/bin/../lib/gcc/arm-atollic-eabi/6.3.1/../../../../arm-atollic-eabi/lib/armv7-m\libc_nano.a(lib_a-nano-mallocr.o)
                0x2000009c                __malloc_sbrk_start
 *(COMMON)
 COMMON         0x200000a0        0x4 Drivers\STM32F1xx_HAL_Driver\Src\stm32f1xx_hal.o
                0x200000a0                uwTick
 *fill*         0x200000a4        0x4 
 COMMON         0x200000a8       0x20 Drivers\STM32F1xx_HAL_Driver\Src\stm32f1xx_hal_flash.o
                0x200000a8                pFlash
 COMMON         0x200000c8       0xc8 Src\Bootloader.o
                0x200000c8                BL_rx_buffer
 COMMON         0x20000190       0x48 Src\main.o
                0x20000190                hcrc
                0x20000198                huart1
 COMMON         0x200001d8        0x4 c:/program files (x86)/atollic/truestudio for stm32 9.3.0/armtools/bin/../lib/gcc/arm-atollic-eabi/6.3.1/../../../../arm-atollic-eabi/lib/armv7-m\libc_nano.a(lib_a-reent.o)
                0x200001d8                errno
                0x200001dc                . = ALIGN (0x4)
                0x200001dc                _ebss = .
                0x200001dc                __bss_end__ = _ebss

._user_heap_stack
                0x200001dc      0x600 load address 0x080024d8
                0x200001dc                . = ALIGN (0x4)
                0x200001dc                PROVIDE (end, .)
                [!provide]                PROVIDE (_end, .)
                0x200003dc                . = (. + _Min_Heap_Size)
 *fill*         0x200001dc      0x200 
                0x200007dc                . = (. + _Min_Stack_Size)
 *fill*         0x200003dc      0x400 
                0x200007dc                . = ALIGN (0x4)

/DISCARD/
 libc.a(*)
 libm.a(*)
 libgcc.a(*)

.ARM.attributes
                0x00000000       0x29
 *(.ARM.attributes)
 .ARM.attributes
                0x00000000       0x1d c:/program files (x86)/atollic/truestudio for stm32 9.3.0/armtools/bin/../lib/gcc/arm-atollic-eabi/6.3.1/armv7-m/crti.o
 .ARM.attributes
                0x0000001d       0x2d c:/program files (x86)/atollic/truestudio for stm32 9.3.0/armtools/bin/../lib/gcc/arm-atollic-eabi/6.3.1/armv7-m/crtbegin.o
 .ARM.attributes
                0x0000004a       0x33 Drivers\STM32F1xx_HAL_Driver\Src\stm32f1xx_hal.o
 .ARM.attributes
                0x0000007d       0x33 Drivers\STM32F1xx_HAL_Driver\Src\stm32f1xx_hal_cortex.o
 .ARM.attributes
                0x000000b0       0x33 Drivers\STM32F1xx_HAL_Driver\Src\stm32f1xx_hal_crc.o
 .ARM.attributes
                0x000000e3       0x33 Drivers\STM32F1xx_HAL_Driver\Src\stm32f1xx_hal_flash.o
 .ARM.attributes
                0x00000116       0x33 Drivers\STM32F1xx_HAL_Driver\Src\stm32f1xx_hal_flash_ex.o
 .ARM.attributes
                0x00000149       0x33 Drivers\STM32F1xx_HAL_Driver\Src\stm32f1xx_hal_gpio.o
 .ARM.attributes
                0x0000017c       0x33 Drivers\STM32F1xx_HAL_Driver\Src\stm32f1xx_hal_rcc.o
 .ARM.attributes
                0x000001af       0x33 Drivers\STM32F1xx_HAL_Driver\Src\stm32f1xx_hal_uart.o
 .ARM.attributes
                0x000001e2       0x33 Src\Bootloader.o
 .ARM.attributes
                0x00000215       0x33 Src\main.o
 .ARM.attributes
                0x00000248       0x33 Src\stm32f1xx_hal_msp.o
 .ARM.attributes
                0x0000027b       0x33 Src\stm32f1xx_it.o
 .ARM.attributes
                0x000002ae       0x33 Src\syscalls.o
 .ARM.attributes
                0x000002e1       0x33 Src\system_stm32f1xx.o
 .ARM.attributes
                0x00000314       0x21 startup\startup_stm32f103xb.o
 .ARM.attributes
                0x00000335       0x2d c:/program files (x86)/atollic/truestudio for stm32 9.3.0/armtools/bin/../lib/gcc/arm-atollic-eabi/6.3.1/../../../../arm-atollic-eabi/lib/armv7-m\libc_nano.a(lib_a-errno.o)
 .ARM.attributes
                0x00000362       0x2d c:/program files (x86)/atollic/truestudio for stm32 9.3.0/armtools/bin/../lib/gcc/arm-atollic-eabi/6.3.1/../../../../arm-atollic-eabi/lib/armv7-m\libc_nano.a(lib_a-impure.o)
 .ARM.attributes
                0x0000038f       0x2d c:/program files (x86)/atollic/truestudio for stm32 9.3.0/armtools/bin/../lib/gcc/arm-atollic-eabi/6.3.1/../../../../arm-atollic-eabi/lib/armv7-m\libc_nano.a(lib_a-init.o)
 .ARM.attributes
                0x000003bc       0x2d c:/program files (x86)/atollic/truestudio for stm32 9.3.0/armtools/bin/../lib/gcc/arm-atollic-eabi/6.3.1/../../../../arm-atollic-eabi/lib/armv7-m\libc_nano.a(lib_a-memset.o)
 .ARM.attributes
                0x000003e9       0x17 c:/program files (x86)/atollic/truestudio for stm32 9.3.0/armtools/bin/../lib/gcc/arm-atollic-eabi/6.3.1/../../../../arm-atollic-eabi/lib/armv7-m\libc_nano.a(lib_a-strlen.o)
 .ARM.attributes
                0x00000400       0x2d c:/program files (x86)/atollic/truestudio for stm32 9.3.0/armtools/bin/../lib/gcc/arm-atollic-eabi/6.3.1/../../../../arm-atollic-eabi/lib/armv7-m\libc_nano.a(lib_a-vsprintf.o)
 .ARM.attributes
                0x0000042d       0x2d c:/program files (x86)/atollic/truestudio for stm32 9.3.0/armtools/bin/../lib/gcc/arm-atollic-eabi/6.3.1/../../../../arm-atollic-eabi/lib/armv7-m\libc_nano.a(lib_a-nano-svfprintf.o)
 .ARM.attributes
                0x0000045a       0x2d c:/program files (x86)/atollic/truestudio for stm32 9.3.0/armtools/bin/../lib/gcc/arm-atollic-eabi/6.3.1/../../../../arm-atollic-eabi/lib/armv7-m\libc_nano.a(lib_a-nano-vfprintf_i.o)
 .ARM.attributes
                0x00000487       0x2d c:/program files (x86)/atollic/truestudio for stm32 9.3.0/armtools/bin/../lib/gcc/arm-atollic-eabi/6.3.1/../../../../arm-atollic-eabi/lib/armv7-m\libc_nano.a(lib_a-memchr-stub.o)
 .ARM.attributes
                0x000004b4       0x2d c:/program files (x86)/atollic/truestudio for stm32 9.3.0/armtools/bin/../lib/gcc/arm-atollic-eabi/6.3.1/../../../../arm-atollic-eabi/lib/armv7-m\libc_nano.a(lib_a-memcpy-stub.o)
 .ARM.attributes
                0x000004e1       0x2d c:/program files (x86)/atollic/truestudio for stm32 9.3.0/armtools/bin/../lib/gcc/arm-atollic-eabi/6.3.1/../../../../arm-atollic-eabi/lib/armv7-m\libc_nano.a(lib_a-memmove.o)
 .ARM.attributes
                0x0000050e       0x2d c:/program files (x86)/atollic/truestudio for stm32 9.3.0/armtools/bin/../lib/gcc/arm-atollic-eabi/6.3.1/../../../../arm-atollic-eabi/lib/armv7-m\libc_nano.a(lib_a-nano-freer.o)
 .ARM.attributes
                0x0000053b       0x2d c:/program files (x86)/atollic/truestudio for stm32 9.3.0/armtools/bin/../lib/gcc/arm-atollic-eabi/6.3.1/../../../../arm-atollic-eabi/lib/armv7-m\libc_nano.a(lib_a-nano-mallocr.o)
 .ARM.attributes
                0x00000568       0x2d c:/program files (x86)/atollic/truestudio for stm32 9.3.0/armtools/bin/../lib/gcc/arm-atollic-eabi/6.3.1/../../../../arm-atollic-eabi/lib/armv7-m\libc_nano.a(lib_a-nano-reallocr.o)
 .ARM.attributes
                0x00000595       0x2d c:/program files (x86)/atollic/truestudio for stm32 9.3.0/armtools/bin/../lib/gcc/arm-atollic-eabi/6.3.1/../../../../arm-atollic-eabi/lib/armv7-m\libc_nano.a(lib_a-sbrkr.o)
 .ARM.attributes
                0x000005c2       0x2d c:/program files (x86)/atollic/truestudio for stm32 9.3.0/armtools/bin/../lib/gcc/arm-atollic-eabi/6.3.1/../../../../arm-atollic-eabi/lib/armv7-m\libc_nano.a(lib_a-mlock.o)
 .ARM.attributes
                0x000005ef       0x2d c:/program files (x86)/atollic/truestudio for stm32 9.3.0/armtools/bin/../lib/gcc/arm-atollic-eabi/6.3.1/../../../../arm-atollic-eabi/lib/armv7-m\libc_nano.a(lib_a-nano-msizer.o)
 .ARM.attributes
                0x0000061c       0x2d c:/program files (x86)/atollic/truestudio for stm32 9.3.0/armtools/bin/../lib/gcc/arm-atollic-eabi/6.3.1/../../../../arm-atollic-eabi/lib/armv7-m\libc_nano.a(lib_a-reent.o)
 .ARM.attributes
                0x00000649       0x1d c:/program files (x86)/atollic/truestudio for stm32 9.3.0/armtools/bin/../lib/gcc/arm-atollic-eabi/6.3.1/armv7-m\libgcc.a(_lshrdi3.o)
 .ARM.attributes
                0x00000666       0x1d c:/program files (x86)/atollic/truestudio for stm32 9.3.0/armtools/bin/../lib/gcc/arm-atollic-eabi/6.3.1/armv7-m/crtn.o
OUTPUT(BootLoader_STM32F103xx.elf elf32-littlearm)

.debug_info     0x00000000     0xa7c4
 .debug_info    0x00000000      0x7cd Drivers\STM32F1xx_HAL_Driver\Src\stm32f1xx_hal.o
 .debug_info    0x000007cd      0xca7 Drivers\STM32F1xx_HAL_Driver\Src\stm32f1xx_hal_cortex.o
 .debug_info    0x00001474      0x460 Drivers\STM32F1xx_HAL_Driver\Src\stm32f1xx_hal_crc.o
 .debug_info    0x000018d4      0x6d9 Drivers\STM32F1xx_HAL_Driver\Src\stm32f1xx_hal_flash.o
 .debug_info    0x00001fad      0xb9a Drivers\STM32F1xx_HAL_Driver\Src\stm32f1xx_hal_flash_ex.o
 .debug_info    0x00002b47      0x691 Drivers\STM32F1xx_HAL_Driver\Src\stm32f1xx_hal_gpio.o
 .debug_info    0x000031d8      0xa01 Drivers\STM32F1xx_HAL_Driver\Src\stm32f1xx_hal_rcc.o
 .debug_info    0x00003bd9     0x1632 Drivers\STM32F1xx_HAL_Driver\Src\stm32f1xx_hal_uart.o
 .debug_info    0x0000520b     0x1f72 Src\Bootloader.o
 .debug_info    0x0000717d     0x1587 Src\main.o
 .debug_info    0x00008704      0x9e3 Src\stm32f1xx_hal_msp.o
 .debug_info    0x000090e7      0x1fe Src\stm32f1xx_it.o
 .debug_info    0x000092e5      0xfe1 Src\syscalls.o
 .debug_info    0x0000a2c6      0x437 Src\system_stm32f1xx.o
 .debug_info    0x0000a6fd       0xc7 startup\startup_stm32f103xb.o

.debug_abbrev   0x00000000     0x2295
 .debug_abbrev  0x00000000      0x24a Drivers\STM32F1xx_HAL_Driver\Src\stm32f1xx_hal.o
 .debug_abbrev  0x0000024a      0x2f8 Drivers\STM32F1xx_HAL_Driver\Src\stm32f1xx_hal_cortex.o
 .debug_abbrev  0x00000542      0x1d0 Drivers\STM32F1xx_HAL_Driver\Src\stm32f1xx_hal_crc.o
 .debug_abbrev  0x00000712      0x2d3 Drivers\STM32F1xx_HAL_Driver\Src\stm32f1xx_hal_flash.o
 .debug_abbrev  0x000009e5      0x2c3 Drivers\STM32F1xx_HAL_Driver\Src\stm32f1xx_hal_flash_ex.o
 .debug_abbrev  0x00000ca8      0x1e4 Drivers\STM32F1xx_HAL_Driver\Src\stm32f1xx_hal_gpio.o
 .debug_abbrev  0x00000e8c      0x2c1 Drivers\STM32F1xx_HAL_Driver\Src\stm32f1xx_hal_rcc.o
 .debug_abbrev  0x0000114d      0x2f3 Drivers\STM32F1xx_HAL_Driver\Src\stm32f1xx_hal_uart.o
 .debug_abbrev  0x00001440      0x426 Src\Bootloader.o
 .debug_abbrev  0x00001866      0x325 Src\main.o
 .debug_abbrev  0x00001b8b      0x1de Src\stm32f1xx_hal_msp.o
 .debug_abbrev  0x00001d69      0x112 Src\stm32f1xx_it.o
 .debug_abbrev  0x00001e7b      0x2d9 Src\syscalls.o
 .debug_abbrev  0x00002154      0x12f Src\system_stm32f1xx.o
 .debug_abbrev  0x00002283       0x12 startup\startup_stm32f103xb.o

.debug_loc      0x00000000     0x3a7a
 .debug_loc     0x00000000      0x10c Drivers\STM32F1xx_HAL_Driver\Src\stm32f1xx_hal.o
 .debug_loc     0x0000010c      0x487 Drivers\STM32F1xx_HAL_Driver\Src\stm32f1xx_hal_cortex.o
 .debug_loc     0x00000593      0x1c1 Drivers\STM32F1xx_HAL_Driver\Src\stm32f1xx_hal_crc.o
 .debug_loc     0x00000754      0x334 Drivers\STM32F1xx_HAL_Driver\Src\stm32f1xx_hal_flash.o
 .debug_loc     0x00000a88      0x6d0 Drivers\STM32F1xx_HAL_Driver\Src\stm32f1xx_hal_flash_ex.o
 .debug_loc     0x00001158      0x2f5 Drivers\STM32F1xx_HAL_Driver\Src\stm32f1xx_hal_gpio.o
 .debug_loc     0x0000144d      0x478 Drivers\STM32F1xx_HAL_Driver\Src\stm32f1xx_hal_rcc.o
 .debug_loc     0x000018c5     0x1362 Drivers\STM32F1xx_HAL_Driver\Src\stm32f1xx_hal_uart.o
 .debug_loc     0x00002c27      0x93f Src\Bootloader.o
 .debug_loc     0x00003566       0x58 Src\stm32f1xx_hal_msp.o
 .debug_loc     0x000035be      0x3ef Src\syscalls.o
 .debug_loc     0x000039ad       0xcd Src\system_stm32f1xx.o

.debug_aranges  0x00000000      0x740
 .debug_aranges
                0x00000000       0xd8 Drivers\STM32F1xx_HAL_Driver\Src\stm32f1xx_hal.o
 .debug_aranges
                0x000000d8       0x90 Drivers\STM32F1xx_HAL_Driver\Src\stm32f1xx_hal_cortex.o
 .debug_aranges
                0x00000168       0x48 Drivers\STM32F1xx_HAL_Driver\Src\stm32f1xx_hal_crc.o
 .debug_aranges
                0x000001b0       0x78 Drivers\STM32F1xx_HAL_Driver\Src\stm32f1xx_hal_flash.o
 .debug_aranges
                0x00000228       0x60 Drivers\STM32F1xx_HAL_Driver\Src\stm32f1xx_hal_flash_ex.o
 .debug_aranges
                0x00000288       0x58 Drivers\STM32F1xx_HAL_Driver\Src\stm32f1xx_hal_gpio.o
 .debug_aranges
                0x000002e0       0x88 Drivers\STM32F1xx_HAL_Driver\Src\stm32f1xx_hal_rcc.o
 .debug_aranges
                0x00000368      0x170 Drivers\STM32F1xx_HAL_Driver\Src\stm32f1xx_hal_uart.o
 .debug_aranges
                0x000004d8       0xa8 Src\Bootloader.o
 .debug_aranges
                0x00000580       0x38 Src\main.o
 .debug_aranges
                0x000005b8       0x40 Src\stm32f1xx_hal_msp.o
 .debug_aranges
                0x000005f8       0x48 Src\stm32f1xx_it.o
 .debug_aranges
                0x00000640       0xb0 Src\syscalls.o
 .debug_aranges
                0x000006f0       0x28 Src\system_stm32f1xx.o
 .debug_aranges
                0x00000718       0x28 startup\startup_stm32f103xb.o

.debug_ranges   0x00000000      0xa30
 .debug_ranges  0x00000000       0xc8 Drivers\STM32F1xx_HAL_Driver\Src\stm32f1xx_hal.o
 .debug_ranges  0x000000c8      0x128 Drivers\STM32F1xx_HAL_Driver\Src\stm32f1xx_hal_cortex.o
 .debug_ranges  0x000001f0       0x38 Drivers\STM32F1xx_HAL_Driver\Src\stm32f1xx_hal_crc.o
 .debug_ranges  0x00000228       0xb8 Drivers\STM32F1xx_HAL_Driver\Src\stm32f1xx_hal_flash.o
 .debug_ranges  0x000002e0       0xe0 Drivers\STM32F1xx_HAL_Driver\Src\stm32f1xx_hal_flash_ex.o
 .debug_ranges  0x000003c0       0x60 Drivers\STM32F1xx_HAL_Driver\Src\stm32f1xx_hal_gpio.o
 .debug_ranges  0x00000420       0xa0 Drivers\STM32F1xx_HAL_Driver\Src\stm32f1xx_hal_rcc.o
 .debug_ranges  0x000004c0      0x190 Drivers\STM32F1xx_HAL_Driver\Src\stm32f1xx_hal_uart.o
 .debug_ranges  0x00000650      0x1b0 Src\Bootloader.o
 .debug_ranges  0x00000800       0x88 Src\main.o
 .debug_ranges  0x00000888       0x98 Src\stm32f1xx_hal_msp.o
 .debug_ranges  0x00000920       0x38 Src\stm32f1xx_it.o
 .debug_ranges  0x00000958       0xa0 Src\syscalls.o
 .debug_ranges  0x000009f8       0x18 Src\system_stm32f1xx.o
 .debug_ranges  0x00000a10       0x20 startup\startup_stm32f103xb.o

.debug_line     0x00000000     0x3e24
 .debug_line    0x00000000      0x3eb Drivers\STM32F1xx_HAL_Driver\Src\stm32f1xx_hal.o
 .debug_line    0x000003eb      0x3e6 Drivers\STM32F1xx_HAL_Driver\Src\stm32f1xx_hal_cortex.o
 .debug_line    0x000007d1      0x2cd Drivers\STM32F1xx_HAL_Driver\Src\stm32f1xx_hal_crc.o
 .debug_line    0x00000a9e      0x487 Drivers\STM32F1xx_HAL_Driver\Src\stm32f1xx_hal_flash.o
 .debug_line    0x00000f25      0x4ba Drivers\STM32F1xx_HAL_Driver\Src\stm32f1xx_hal_flash_ex.o
 .debug_line    0x000013df      0x3ab Drivers\STM32F1xx_HAL_Driver\Src\stm32f1xx_hal_gpio.o
 .debug_line    0x0000178a      0x582 Drivers\STM32F1xx_HAL_Driver\Src\stm32f1xx_hal_rcc.o
 .debug_line    0x00001d0c      0xbda Drivers\STM32F1xx_HAL_Driver\Src\stm32f1xx_hal_uart.o
 .debug_line    0x000028e6      0x5a2 Src\Bootloader.o
 .debug_line    0x00002e88      0x44c Src\main.o
 .debug_line    0x000032d4      0x2ce Src\stm32f1xx_hal_msp.o
 .debug_line    0x000035a2      0x21d Src\stm32f1xx_it.o
 .debug_line    0x000037bf      0x3c0 Src\syscalls.o
 .debug_line    0x00003b7f      0x228 Src\system_stm32f1xx.o
 .debug_line    0x00003da7       0x7d startup\startup_stm32f103xb.o

.debug_str      0x00000000     0x2c1f
 .debug_str     0x00000000      0x84f Drivers\STM32F1xx_HAL_Driver\Src\stm32f1xx_hal.o
                                0x8b8 (size before relaxing)
 .debug_str     0x0000084f      0x3c5 Drivers\STM32F1xx_HAL_Driver\Src\stm32f1xx_hal_cortex.o
                                0x9da (size before relaxing)
 .debug_str     0x00000c14      0x1af Drivers\STM32F1xx_HAL_Driver\Src\stm32f1xx_hal_crc.o
                                0x4af (size before relaxing)
 .debug_str     0x00000dc3      0x290 Drivers\STM32F1xx_HAL_Driver\Src\stm32f1xx_hal_flash.o
                                0x648 (size before relaxing)
 .debug_str     0x00001053      0x2c1 Drivers\STM32F1xx_HAL_Driver\Src\stm32f1xx_hal_flash_ex.o
                                0x75e (size before relaxing)
 .debug_str     0x00001314      0x1bf Drivers\STM32F1xx_HAL_Driver\Src\stm32f1xx_hal_gpio.o
                                0x52b (size before relaxing)
 .debug_str     0x000014d3      0x331 Drivers\STM32F1xx_HAL_Driver\Src\stm32f1xx_hal_rcc.o
                                0x714 (size before relaxing)
 .debug_str     0x00001804      0x89b Drivers\STM32F1xx_HAL_Driver\Src\stm32f1xx_hal_uart.o
                                0xca4 (size before relaxing)
 .debug_str     0x0000209f      0x76d Src\Bootloader.o
                               0x101c (size before relaxing)
 .debug_str     0x0000280c       0xaf Src\main.o
                                0xe89 (size before relaxing)
 .debug_str     0x000028bb       0x1b Src\stm32f1xx_hal_msp.o
                                0x83b (size before relaxing)
 .debug_str     0x000028d6       0xa6 Src\stm32f1xx_it.o
                                0x35c (size before relaxing)
 .debug_str     0x0000297c      0x256 Src\syscalls.o
                                0x8a6 (size before relaxing)
 .debug_str     0x00002bd2       0x4d Src\system_stm32f1xx.o
                                0x39a (size before relaxing)

.comment        0x00000000       0x7c
 .comment       0x00000000       0x7c Drivers\STM32F1xx_HAL_Driver\Src\stm32f1xx_hal.o
                                 0x7d (size before relaxing)
 .comment       0x0000007c       0x7d Drivers\STM32F1xx_HAL_Driver\Src\stm32f1xx_hal_cortex.o
 .comment       0x0000007c       0x7d Drivers\STM32F1xx_HAL_Driver\Src\stm32f1xx_hal_crc.o
 .comment       0x0000007c       0x7d Drivers\STM32F1xx_HAL_Driver\Src\stm32f1xx_hal_flash.o
 .comment       0x0000007c       0x7d Drivers\STM32F1xx_HAL_Driver\Src\stm32f1xx_hal_flash_ex.o
 .comment       0x0000007c       0x7d Drivers\STM32F1xx_HAL_Driver\Src\stm32f1xx_hal_gpio.o
 .comment       0x0000007c       0x7d Drivers\STM32F1xx_HAL_Driver\Src\stm32f1xx_hal_rcc.o
 .comment       0x0000007c       0x7d Drivers\STM32F1xx_HAL_Driver\Src\stm32f1xx_hal_uart.o
 .comment       0x0000007c       0x7d Src\Bootloader.o
 .comment       0x0000007c       0x7d Src\main.o
 .comment       0x0000007c       0x7d Src\stm32f1xx_hal_msp.o
 .comment       0x0000007c       0x7d Src\stm32f1xx_it.o
 .comment       0x0000007c       0x7d Src\syscalls.o
 .comment       0x0000007c       0x7d Src\system_stm32f1xx.o

.debug_frame    0x00000000     0x15cc
 .debug_frame   0x00000000      0x1d4 Drivers\STM32F1xx_HAL_Driver\Src\stm32f1xx_hal.o
 .debug_frame   0x000001d4      0x120 Drivers\STM32F1xx_HAL_Driver\Src\stm32f1xx_hal_cortex.o
 .debug_frame   0x000002f4       0xa4 Drivers\STM32F1xx_HAL_Driver\Src\stm32f1xx_hal_crc.o
 .debug_frame   0x00000398      0x120 Drivers\STM32F1xx_HAL_Driver\Src\stm32f1xx_hal_flash.o
 .debug_frame   0x000004b8       0xf0 Drivers\STM32F1xx_HAL_Driver\Src\stm32f1xx_hal_flash_ex.o
 .debug_frame   0x000005a8       0xd4 Drivers\STM32F1xx_HAL_Driver\Src\stm32f1xx_hal_gpio.o
 .debug_frame   0x0000067c      0x150 Drivers\STM32F1xx_HAL_Driver\Src\stm32f1xx_hal_rcc.o
 .debug_frame   0x000007cc      0x498 Drivers\STM32F1xx_HAL_Driver\Src\stm32f1xx_hal_uart.o
 .debug_frame   0x00000c64      0x258 Src\Bootloader.o
 .debug_frame   0x00000ebc       0x8c Src\main.o
 .debug_frame   0x00000f48       0x80 Src\stm32f1xx_hal_msp.o
 .debug_frame   0x00000fc8       0xa0 Src\stm32f1xx_it.o
 .debug_frame   0x00001068      0x1a8 Src\syscalls.o
 .debug_frame   0x00001210       0x30 Src\system_stm32f1xx.o
 .debug_frame   0x00001240       0x20 c:/program files (x86)/atollic/truestudio for stm32 9.3.0/armtools/bin/../lib/gcc/arm-atollic-eabi/6.3.1/../../../../arm-atollic-eabi/lib/armv7-m\libc_nano.a(lib_a-errno.o)
 .debug_frame   0x00001260       0x2c c:/program files (x86)/atollic/truestudio for stm32 9.3.0/armtools/bin/../lib/gcc/arm-atollic-eabi/6.3.1/../../../../arm-atollic-eabi/lib/armv7-m\libc_nano.a(lib_a-init.o)
 .debug_frame   0x0000128c       0x20 c:/program files (x86)/atollic/truestudio for stm32 9.3.0/armtools/bin/../lib/gcc/arm-atollic-eabi/6.3.1/../../../../arm-atollic-eabi/lib/armv7-m\libc_nano.a(lib_a-memset.o)
 .debug_frame   0x000012ac       0x40 c:/program files (x86)/atollic/truestudio for stm32 9.3.0/armtools/bin/../lib/gcc/arm-atollic-eabi/6.3.1/../../../../arm-atollic-eabi/lib/armv7-m\libc_nano.a(lib_a-vsprintf.o)
 .debug_frame   0x000012ec       0x90 c:/program files (x86)/atollic/truestudio for stm32 9.3.0/armtools/bin/../lib/gcc/arm-atollic-eabi/6.3.1/../../../../arm-atollic-eabi/lib/armv7-m\libc_nano.a(lib_a-nano-svfprintf.o)
 .debug_frame   0x0000137c       0x60 c:/program files (x86)/atollic/truestudio for stm32 9.3.0/armtools/bin/../lib/gcc/arm-atollic-eabi/6.3.1/../../../../arm-atollic-eabi/lib/armv7-m\libc_nano.a(lib_a-nano-vfprintf_i.o)
 .debug_frame   0x000013dc       0x28 c:/program files (x86)/atollic/truestudio for stm32 9.3.0/armtools/bin/../lib/gcc/arm-atollic-eabi/6.3.1/../../../../arm-atollic-eabi/lib/armv7-m\libc_nano.a(lib_a-memchr-stub.o)
 .debug_frame   0x00001404       0x28 c:/program files (x86)/atollic/truestudio for stm32 9.3.0/armtools/bin/../lib/gcc/arm-atollic-eabi/6.3.1/../../../../arm-atollic-eabi/lib/armv7-m\libc_nano.a(lib_a-memcpy-stub.o)
 .debug_frame   0x0000142c       0x28 c:/program files (x86)/atollic/truestudio for stm32 9.3.0/armtools/bin/../lib/gcc/arm-atollic-eabi/6.3.1/../../../../arm-atollic-eabi/lib/armv7-m\libc_nano.a(lib_a-memmove.o)
 .debug_frame   0x00001454       0x38 c:/program files (x86)/atollic/truestudio for stm32 9.3.0/armtools/bin/../lib/gcc/arm-atollic-eabi/6.3.1/../../../../arm-atollic-eabi/lib/armv7-m\libc_nano.a(lib_a-nano-freer.o)
 .debug_frame   0x0000148c       0x2c c:/program files (x86)/atollic/truestudio for stm32 9.3.0/armtools/bin/../lib/gcc/arm-atollic-eabi/6.3.1/../../../../arm-atollic-eabi/lib/armv7-m\libc_nano.a(lib_a-nano-mallocr.o)
 .debug_frame   0x000014b8       0x3c c:/program files (x86)/atollic/truestudio for stm32 9.3.0/armtools/bin/../lib/gcc/arm-atollic-eabi/6.3.1/../../../../arm-atollic-eabi/lib/armv7-m\libc_nano.a(lib_a-nano-reallocr.o)
 .debug_frame   0x000014f4       0x2c c:/program files (x86)/atollic/truestudio for stm32 9.3.0/armtools/bin/../lib/gcc/arm-atollic-eabi/6.3.1/../../../../arm-atollic-eabi/lib/armv7-m\libc_nano.a(lib_a-sbrkr.o)
 .debug_frame   0x00001520       0x30 c:/program files (x86)/atollic/truestudio for stm32 9.3.0/armtools/bin/../lib/gcc/arm-atollic-eabi/6.3.1/../../../../arm-atollic-eabi/lib/armv7-m\libc_nano.a(lib_a-mlock.o)
 .debug_frame   0x00001550       0x20 c:/program files (x86)/atollic/truestudio for stm32 9.3.0/armtools/bin/../lib/gcc/arm-atollic-eabi/6.3.1/../../../../arm-atollic-eabi/lib/armv7-m\libc_nano.a(lib_a-nano-msizer.o)
 .debug_frame   0x00001570       0x5c c:/program files (x86)/atollic/truestudio for stm32 9.3.0/armtools/bin/../lib/gcc/arm-atollic-eabi/6.3.1/../../../../arm-atollic-eabi/lib/armv7-m\libc_nano.a(lib_a-reent.o)
