Bootloader.c:19:6:BootLoader_Jump_to_User_APP	8	static
Bootloader.c:106:6:BootLoader_Send_ACK	16	static
Bootloader.c:119:6:BootLoader_Send_NACK	16	static
Bootloader.c:125:9:BootLoader_Verify_CRC	32	static
Bootloader.c:147:9:BootLoader_get_Version	0	static
Bootloader.c:152:6:BootLoader_UART_Write_Data	0	static
Bootloader.c:157:10:get_MCU_ID_Code	0	static
Bootloader.c:166:6:BL_hanlde_getVersion_cmd	24	static
Bootloader.c:202:6:BL_hanlde_getHelp_cmd	16	static
Bootloader.c:233:6:BL_hanlde_getCID_cmd	24	static
Bootloader.c:50:6:BootLoader_UART_Read_Host_CMD	16	static
Bootloader.c:270:6:BL_hanlde_getRDP_cmd	0	static
Bootloader.c:274:6:BL_hanlde_goAddress_cmd	0	static
Bootloader.c:278:6:BL_hanlde_flashErase_cmd	0	static
Bootloader.c:282:6:BL_hanlde_memWrite_cmd	0	static
Bootloader.c:286:6:BL_hanlde_memRead_cmd	0	static
Bootloader.c:290:6:BL_handle_ReadSectorStatus_cmd	0	static
