Bootloader.c:21:6:BootLoader_Jump_to_User_APP	8	static
Bootloader.c:108:6:BootLoader_Send_ACK	16	static
Bootloader.c:121:6:BootLoader_Send_NACK	16	static
Bootloader.c:127:9:BootLoader_Verify_CRC	32	static
Bootloader.c:149:9:BootLoader_get_Version	0	static
Bootloader.c:154:6:BootLoader_UART_Write_Data	0	static
Bootloader.c:159:10:get_MCU_ID_Code	0	static
Bootloader.c:168:9:BL_verify_address	0	static
Bootloader.c:192:9:BL_Execute_Flash_Erase	40	static
Bootloader.c:239:9:execute_Mem_Write	24	static
Bootloader.c:256:6:BL_hanlde_getVersion_cmd	24	static
Bootloader.c:292:6:BL_hanlde_getHelp_cmd	16	static
Bootloader.c:323:6:BL_hanlde_getCID_cmd	24	static
Bootloader.c:360:6:BL_hanlde_getRDP_cmd	0	static
Bootloader.c:364:6:BL_hanlde_goAddress_cmd	16	static
Bootloader.c:419:6:BL_hanlde_flashErase_cmd	16	static
Bootloader.c:468:6:BL_hanlde_memWrite_cmd	24	static
Bootloader.c:52:6:BootLoader_UART_Read_Host_CMD	16	static
Bootloader.c:518:6:BL_hanlde_memRead_cmd	0	static
Bootloader.c:522:6:BL_handle_ReadSectorStatus_cmd	0	static
